// Jest Snapshot v1, https://goo.gl/fbAQLP

exports[`Input matches withColouredError snapshot: with coloured error mount 1`] = `ReactWrapper {}`;

exports[`Input matches withError snapshot: with error mount 1`] = `ReactWrapper {}`;

exports[`Input matches wrapper snapshot: wrapper mount 1`] = `ReactWrapper {}`;
