// Jest Snapshot v1, https://goo.gl/fbAQLP

exports[`Paragraph matches wrapper snapshot: wrapper mount 1`] = `ReactWrapper {}`;
