// Jest Snapshot v1, https://goo.gl/fbAQLP

exports[`Checkbox matches wrapper snapshot: wrapper mount 1`] = `ReactWrapper {}`;
